our-services
contacts
17864
000983
3157
7508
Ralsgoat
voip_news
1930
coupe
scanner
anti_virus
webgoat.net
chi2_small
mobos
shepherd
replaytv
portfolio-grid
applicationsvsolutions
copiers
tmguide
WebGoat
5434
stones
useful-sites
crumb
about-us
but2
mutillidae
RegistrationDesk
Misc_Collapse
patents
mid
dell_logo
prison-break
36273
dtp
goog
businessNews
dzien
imat
thermal
our-services
7460
our-core-values
6cosc019w
ScoutReport
51175
mail16b
gigacon
newspage-82
48
6502
page-24
7254
mountain-bike
Weapons
2005-September
62730
ps556
wardrivingisnotacrimebutton
Sensors
aop
ayman
integrate
christmas_cards
314
giappone
1659
Hardware
happyfeet
User
4923
data_protection
huh
anleitungen
faqs
002591
sitevariants
bsc-csf
cwforum
forum
psc
output
cont_c4
aria-asplistpics
d03233
selection
Ostrich
les
E-Paint_v2
digital-marketing
lombardia
216927037455a069bbd560
Cultures
professors
qpopper
oldperl
msc-csf
opencart
craagle
bot1
bcp
pourquoi
marpapers
b0iler
bienvenue
2180
4467
7218
subway
survey
uow
webanalytics
mar3launch
cha
glog
110940
ps-ani
portfolio
infos
29211
creditreport
organisational-audit
audit
maldives
organisational
icon_ecommerce
27535
hmedia
contactless-payments-time-has-come
payments
has
time
come
editicon
proddesc
Formula1
sub_modern1
groklaw
19550
components
Sarbanes
buy-mysql
University
21037
orphan
System-Tools
emotion-2
Foundation
cp9
post_office
siphon
marketmap_small
B33
Nederlands
memoize
edmunds
marketing
ver2
NFL
disc
vhtml
Westminster
guard
20060606
1868
94443
35641
MSI
pgpuam
etel2006
transcom
Sonos
Architectural
0596003161
CNBC
nylon
001357
6855
showallsites
sresi-0
info
server-status
mxODBC
2640
Black
18324
68142
DEFAULT
digital
transformation
roadmap
enablers
digital-transformation-roadmap-enablers
icon_contact
22282
5370
19720
tcltk
search-MI
server-info
cgi-bin
robots.txt
28067
mastermind
20451
oscon2004
19864
5b
hsbc
firebird
d05434
299
7145
readerseditor
phpmyadmin
admin
login
mso
shoot
index289
23908
3268
lmc
20061002
2005-47
187736
artistic-license
bg_right
0424
58291
fifa
iecrash
000678
1468
Utilities-Drivers
bill_text
5108
volatile
ox
ram
170891
pid453955116
thesis
cctool
19141
path
setup2
businesswire
01-020
clipping
crypto-tutorial
salesandmarketing
Security-Spyware
emotion-4
saha
Recommended
graveyard
techpapers
intelligentinfrastructure
005785
27404
40155
marketdata
TracTeam
61320
legoodserials
eventlog
46638
translate_c
000325
dh4
13395
sow
footer_nzvoice
1E-lvl2_40
68145
55123
6275
sunbelt_logo2
natural
0815
Dashboard
hold
2520
NAT
1018
0764575910
digitalkamera
legalnotice
20061222
Tools-Editors
4944
22339
103284
a_9
3033668
3523
002193
certbr-faq
css1
InformationSecurity
kwiki
001021
nav_spacer
idtheftstudy
open
HotSpot
thawte
editorials
33460
tunebite
23568
learnMore
gazette
gierki
finding-groups
index127
travel_products
17285
17006
az
Blanket
urodzinowe
fill_profile
rfcs
r_corner
gtk-sharp2
deportes
tgdc
8142
14228
spyblast
contra
shuttle
freq
REC-xml
Basket
straw
change_auditing
25
vars
poll_results
LS-20061113
burlington
startupsecurity9
11743
10health
112236
35760
ds6
sgw
scales
Bagpeddler_35a
030
chit
54563
TA
3668484
35764
lilypond
int2
54499
MCIR
nsb
dvwa
owaspbricks
product_overview
adaware
bodgeit
dodge
4327
Manchester
sharepoint
1142014131
Absolute
55098
33636
8180
3732
Motoryzacja
wordpress
myway
theme_6501
15855
1763
45535
forum19
vicnum
tikiwiki
easycgi
MWI-Picto
eritrea
mailbox
WackoPicko
link5
webcal
orangehrm
gtd-php
peruggia
yazd
cyclone
47086
wavsep
gallery2
lyon
getboo
prod01
awstats
joomla
hdr_special
ocio
IWCatSectionView
18193
example2
quote_nav
zapwave
index198
wivet
bWAPP
ghost
longtermcare
9078
chronos
27138
5611
flourish
statelaws
mp3list
30508
persodata
28323
image122
internet2
usnavy
special_re
